
    ____________________________________________________________________________
    |      #######################################           #### $ ####        |
    |            ############################                 ###   ###         |
    |        ________             ________                     ##   ##          |
    |       /       /\           / POM   /\                                     |
    |      /_______/  \         /CENTER_/  \            (()(()((())((()((()     |
    |      |0 ___ 0|  |         |* ___ *|  |           ())(())))())))()))(()    |
    |      |__| |__|__|         |__|C|__|__|            || ||| ||||| ||||||     |
    |                                                                           |
    |                                                                           |
    |                                                                   ####### |
    |               #######                                        ###########  |
    |              ###########                                  ##############  |
    |            ##############                           ##################    |
    |          ##################                           ################    |
    |           ################                             ###############    |
    |            ###############                             ########           |
    |                #####                                                      |
    |                                                                           |
    |                                           (()(()((())((()((()             |
    |                       ________           ())(())))())))()))(()            |
    |                      /       /\           || ||| ||||| ||||||             |
    |                     /_______/  \                                          |
    |                     |0 ___ 0|  |             ######################       |
    |                     |__| |__|__|                 ##################       |
    |                                                    ###############        |
    |                                                         ########          |
    |                                                                           |
    |___________________________________________________________________________|
